[
  {
    "name": "TypeCheck",
    "run": "vehicle compile -s simple-vectorType.vcl -t TypeCheck",
    "needs": ["simple-vectorType.vcl"],
    "enabled": false
  },
  {
    "name": "Agda",
    "run": "vehicle compile -s simple-vectorType.vcl -t Agda -o simple-vectorType.agda",
    "needs": ["simple-vectorType.vcl"],
    "produces": ["simple-vectorType.agda"],
    "enabled": false
  }
]
