{
  "name": "Marabou",
  "run": "vehicle compile -s quantifiedNat.vcl -t Marabou",
  "needs": ["quantifiedNat.vcl"]
}
