{
  "name": "Marabou",
  "run": "vehicle compile -s alternatingFun.vcl -t Marabou",
  "needs": ["alternatingFun.vcl"]
}
