{
  "name": "Marabou",
  "run": "vehicle compile -s quantifiedVectorNat.vcl -t Marabou",
  "needs": ["quantifiedVectorNat.vcl"]
}
