{
  "name": "Marabou",
  "run": "vehicle compile -s unparseableBool.vcl -t Marabou -p b:x",
  "needs": ["unparseableBool.vcl"]
}
