{
  "name": "Marabou",
  "run": "vehicle compile -s quadraticFunOutput.vcl -t Marabou",
  "needs": ["quadraticFunOutput.vcl"]
}
