{
  "name": "Marabou",
  "run": "vehicle compile -s unsupportedFormat.vcl -t Marabou -d trainingDataset:non-existent.blerp",
  "needs": ["unsupportedFormat.vcl"]
}
