{
  "name": "Marabou",
  "run": "vehicle compile -s invalidIndex.vcl -t Marabou -p n:5",
  "needs": ["invalidIndex.vcl"]
}
