{
  "name": "Marabou",
  "run": "vehicle compile -s quantifiedInt.vcl -t Marabou",
  "needs": ["quantifiedInt.vcl"]
}
