{
  "name": "Marabou",
  "run": "vehicle compile -s alternatingNeg.vcl -t Marabou",
  "needs": ["alternatingNeg.vcl"]
}
