{
  "name": "Marabou",
  "run": "vehicle compile -s notProvided.vcl -t Marabou",
  "needs": ["notProvided.vcl"]
}
