Error occured while reading input file: 
  missingInputFile.vcl: openFile: does not exist (No such file or directory)
