{
  "name": "Marabou",
  "run": "vehicle compile -s quadraticFunInput.vcl -t Marabou",
  "needs": ["quadraticFunInput.vcl"]
}
