{
  "name": "Marabou",
  "run": "vehicle compile -s mismatchedDimensions.vcl -t Marabou -d trainingDataset:dataset-nat-4.idx",
  "needs": ["mismatchedDimensions.vcl", "dataset-nat-4.idx"]
}
