{
  "name": "Marabou",
  "run": "vehicle compile -s tooBigIndex.vcl -t Marabou -d trainingDataset:dataset-nat-4.idx",
  "needs": ["tooBigIndex.vcl", "dataset-nat-4.idx"]
}
