{
  "name": "Marabou",
  "run": "vehicle compile -s unsupportedType.vcl -t Marabou",
  "needs": ["unsupportedType.vcl"]
}
