{
  "name": "Marabou",
  "run": "vehicle compile -s quadraticInputOutput.vcl -t Marabou",
  "needs": ["quadraticInputOutput.vcl"]
}
