Verification status is currently unknown as the following networks have been altered since verification was last run:

  myNetwork (test/Test/Check/Golden/networkChangedNetwork.onnx)

To fix this problem, use Vehicle to reverify the specification.
