Status: unknown

The following networks cannot not be found:

  myNetwork (test/Test/Check/Golden/networkMissingNetwork.onnx)

To fix this problem, either move the missing files back to the location above or use Vehicle to reverify the specification with the new location.
