x0 >= 55947.691
x3 >= 1145.0
x4 <= 60.0
+y1 -y0 <= 0.0
+y2 -y0 <= 0.0
+y3 -y0 <= 0.0
+y4 -y0 <= 0.0