x0 >= -0.0
x0 <= 60760.0
x1 >= -3.141592
x1 <= 3.141592
x2 >= -3.141592
x2 <= 3.141592
x3 >= 100.0
x3 <= 1200.0
x4 >= -0.0
x4 <= 1200.0
+y4 -y0 <= 0.0
+y4 -y1 <= 0.0
+y4 -y2 <= 0.0
+y4 -y3 <= 0.0