{
  "name": "Marabou",
  "run": "vehicle compile -s mismatchedType.vcl -t Marabou -d trainingDataset:dataset-rat-4.idx",
  "enabled": false,
  "needs": ["mismatchedType.vcl", "dataset-rat-4.idx"]
}
