{
  "name": "Marabou",
  "run": "vehicle compile -s unparseableRat.vcl -t Marabou -p r:~",
  "needs": ["unparseableRat.vcl"]
}
