{
  "name": "Marabou",
  "run": "vehicle compile -s unparseableNat.vcl -t Marabou -p n:~",
  "needs": ["unparseableNat.vcl"]
}
