{
  "name": "Marabou",
  "run": "vehicle compile -s unparseableIndex.vcl -t Marabou -p n:~",
  "needs": ["unparseableIndex.vcl"]
}
