{
  "name": "Marabou",
  "run": "vehicle compile -s alternatingIndirectNegFun.vcl -t Marabou",
  "needs": ["alternatingIndirectNegFun.vcl"]
}
