{
  "name": "Marabou",
  "run": "vehicle compile -s alternating.vcl -t Marabou",
  "needs": ["alternating.vcl"]
}
