{
  "name": "Marabou",
  "run": "vehicle compile -s quadraticInput.vcl -t Marabou",
  "needs": ["quadraticInput.vcl"]
}
