{
  "name": "Marabou",
  "run": "vehicle compile -s nonLinearIfCondition.vcl -t Marabou",
  "needs": ["nonLinearIfCondition.vcl"]
}
