{
  "name": "Marabou",
  "run": "vehicle compile -s negativeNat.vcl -t Marabou -d trainingDataset:dataset-int-4.idx",
  "enabled": false,
  "needs": ["negativeNat.vcl", "dataset-int-4.idx"]
}
