{
  "name": "Marabou",
  "run": "vehicle compile -s alternatingImplies.vcl -t Marabou",
  "needs": ["alternatingImplies.vcl"]
}
