{
  "name": "Marabou",
  "run": "vehicle compile -s invalidNat.vcl -t Marabou -p n:-5",
  "needs": ["invalidNat.vcl"]
}
