{
  "name": "Marabou",
  "run": "vehicle compile -s missingDataset.vcl -t Marabou -d trainingDataset:non-existent.idx",
  "needs": ["missingDataset.vcl"]
}
