{
  "name": "Marabou",
  "run": "vehicle compile -s alternatingNegNeg.vcl -t Marabou",
  "needs": ["alternatingNegNeg.vcl"]
}
