{
  "name": "Marabou",
  "run": "vehicle compile -s quadraticTensorInputLookup.vcl -t Marabou",
  "needs": ["quadraticTensorInputLookup.vcl"]
}
