{
  "tag": "Quant",
  "contents": [
    "All",
    "x",
    [],
    {
      "tag": "Max",
      "contents": [
        {
          "tag": "Neg",
          "contents": {
            "tag": "Min",
            "contents": [
              {
                "tag": "Neg",
                "contents": {
                  "tag": "Sub",
                  "contents": [
                    {
                      "tag": "Con",
                      "contents": 0
                    },
                    {
                      "tag": "Var",
                      "contents": 0
                    }
                  ]
                }
              },
              {
                "tag": "Neg",
                "contents": {
                  "tag": "Sub",
                  "contents": [
                    {
                      "tag": "Var",
                      "contents": 0
                    },
                    {
                      "tag": "Con",
                      "contents": 1
                    }
                  ]
                }
              }
            ]
          }
        },
        {
          "tag": "Min",
          "contents": [
            {
              "tag": "Neg",
              "contents": {
                "tag": "Sub",
                "contents": [
                  {
                    "tag": "Con",
                    "contents": 0
                  },
                  {
                    "tag": "At",
                    "contents": [
                      {
                        "tag": "NetApp",
                        "contents": [
                          "f",
                          [
                            {
                              "tag": "TensorLit",
                              "contents": [
                                {
                                  "tag": "Var",
                                  "contents": 0
                                }
                              ]
                            }
                          ]
                        ]
                      },
                      {
                        "tag": "Con",
                        "contents": 0
                      }
                    ]
                  }
                ]
              }
            },
            {
              "tag": "Neg",
              "contents": {
                "tag": "Sub",
                "contents": [
                  {
                    "tag": "At",
                    "contents": [
                      {
                        "tag": "NetApp",
                        "contents": [
                          "f",
                          [
                            {
                              "tag": "TensorLit",
                              "contents": [
                                {
                                  "tag": "Var",
                                  "contents": 0
                                }
                              ]
                            }
                          ]
                        ]
                      },
                      {
                        "tag": "Con",
                        "contents": 0
                      }
                    ]
                  },
                  {
                    "tag": "Con",
                    "contents": 1
                  }
                ]
              }
            }
          ]
        }
      ]
    }
  ]
}